{
    "type": "Tx ConwayEra",
    "description": "Ledger Cddl Format",
    "cborHex": "84a400d9010281825820bdfa7d91a29ffe071c028c0143c5d278c0a7ddb829c1e95f54a1676915fd82c2000180020104d901028183078200581c81b4245f84593f63c0ff2296930254f77a0690fa9de5f969cac27cb01a001e8480a0f5f6"
}
