{
    "type": "CertificateShelley",
    "description": "Stake Address Deregistration Certificate",
    "cborHex": "82018200581c81b4245f84593f63c0ff2296930254f77a0690fa9de5f969cac27cb0"
}
