Cannot read constitution: ConstitutionNotUnicodeError Cannot decode input: seq