alonzo-genesis.json
byron-gen-command/genesis-keys.000.key
byron-gen-command/genesis-keys.001.key
byron-genesis.json
byron.genesis.spec.json
conway-genesis.json
delegate-keys/README.md
delegate-keys/delegate1/kes.skey
delegate-keys/delegate1/kes.vkey
delegate-keys/delegate1/key.skey
delegate-keys/delegate1/key.vkey
delegate-keys/delegate1/opcert.cert
delegate-keys/delegate1/opcert.counter
delegate-keys/delegate1/vrf.skey
delegate-keys/delegate1/vrf.vkey
delegate-keys/delegate2/kes.skey
delegate-keys/delegate2/kes.vkey
delegate-keys/delegate2/key.skey
delegate-keys/delegate2/key.vkey
delegate-keys/delegate2/opcert.cert
delegate-keys/delegate2/opcert.counter
delegate-keys/delegate2/vrf.skey
delegate-keys/delegate2/vrf.vkey
drep-keys/README.md
drep-keys/drep1/drep.skey
drep-keys/drep1/drep.vkey
drep-keys/drep2/drep.skey
drep-keys/drep2/drep.vkey
drep-keys/drep3/drep.skey
drep-keys/drep3/drep.vkey
drep-keys/drep4/drep.skey
drep-keys/drep4/drep.vkey
drep-keys/drep5/drep.skey
drep-keys/drep5/drep.vkey
genesis-keys/README.md
genesis-keys/genesis1/key.skey
genesis-keys/genesis1/key.vkey
genesis-keys/genesis2/key.skey
genesis-keys/genesis2/key.vkey
pools-keys/README.md
pools-keys/pool1/byron-delegate.key
pools-keys/pool1/byron-delegation.cert
pools-keys/pool1/cold.skey
pools-keys/pool1/cold.vkey
pools-keys/pool1/kes.skey
pools-keys/pool1/kes.vkey
pools-keys/pool1/opcert.cert
pools-keys/pool1/opcert.counter
pools-keys/pool1/staking-reward.skey
pools-keys/pool1/staking-reward.vkey
pools-keys/pool1/vrf.skey
pools-keys/pool1/vrf.vkey
pools-keys/pool2/byron-delegate.key
pools-keys/pool2/byron-delegation.cert
pools-keys/pool2/cold.skey
pools-keys/pool2/cold.vkey
pools-keys/pool2/kes.skey
pools-keys/pool2/kes.vkey
pools-keys/pool2/opcert.cert
pools-keys/pool2/opcert.counter
pools-keys/pool2/staking-reward.skey
pools-keys/pool2/staking-reward.vkey
pools-keys/pool2/vrf.skey
pools-keys/pool2/vrf.vkey
shelley-genesis.json
stake-delegators/delegator1/payment.skey
stake-delegators/delegator1/payment.vkey
stake-delegators/delegator1/staking.skey
stake-delegators/delegator1/staking.vkey
stake-delegators/delegator2/payment.skey
stake-delegators/delegator2/payment.vkey
stake-delegators/delegator2/staking.skey
stake-delegators/delegator2/staking.vkey
stake-delegators/delegator3/payment.skey
stake-delegators/delegator3/payment.vkey
stake-delegators/delegator3/staking.skey
stake-delegators/delegator3/staking.vkey
stake-delegators/delegator4/payment.skey
stake-delegators/delegator4/payment.vkey
stake-delegators/delegator4/staking.skey
stake-delegators/delegator4/staking.vkey
utxo-keys/README.md
utxo-keys/utxo1/utxo.skey
utxo-keys/utxo1/utxo.vkey
utxo-keys/utxo2/utxo.skey
utxo-keys/utxo2/utxo.vkey
utxo-keys/utxo3/utxo.skey
utxo-keys/utxo3/utxo.vkey