Command failed: governance vote create
Error: Error while checking resignation certificate metadata hash: Hashes do not match!
Expected: "ee38a4f5b8b9d8372386cc923bad19d1a0662298cf355bbe947e5eedf127fa9c"
  Actual: "de38a4f5b8b9d8372386cc923bad19d1a0662298cf355bbe947e5eedf127fa9c"
