Cannot write registration certificate: path/file.txt: 