Cannot read stake credential: path/file.txt: Invalid key.