Stake address registation error: Stake address deposit required.