{
    "cborHex": "<cborHex>",
    "description": "Update to the Constitution or Proposal policy proposal",
    "type": "Governance proposal"
}