Error decoding JSON cost model at "some/file.txt": some error
The expected format of the cost models file is 
{
  "PlutusV1" : <costModel>,
  "PlutusV2" : <costModel>,
  "PlutusV3" : <costModel>,
}
where each of the three entries may be ommited, and a <cost model> is either an ordered list of parameter values like
[205665, 812, 1, ...]
or a map like
{ "addInteger-cpu-arguments-intercept": 205665, "addInteger-cpu-arguments-slope": 812, "addInteger-memory-arguments-intercept": 1, ... }
In both cases, the cost model must be complete, i.e. it must specify all parameters that are needed for the specific Plutus version.
It's not specified what will happen if you provide more parameters than necessary.