{
    "type": "CertificateConway",
    "description": "DRep Script Update Certificate",
    "cborHex": "83128201581c8f33600845940d65bdbc7ea7a247a7997aa8558649128fa82c4c046882785e68747470733a2f2f7261772e67697468756275736572636f6e74656e742e636f6d2f63617264616e6f2d666f756e646174696f6e2f434950732f6d61737465722f4349502d303131392f6578616d706c65732f647265702e6a736f6e6c645820fecc1773db89b45557d82e07719c275f6877a6cadfd2469f4dc5a7df5b38b4a4"
}
