{
    "type": "Certificate",
    "description": "DRep Script Registration Certificate",
    "cborHex": "84108201581c0000000000000000000000000000000000000000000000000000000300826964756d6d792d75726c582052e69500a92d80f2126c836a4903dc582006709f004cf7a28ed648f732dff8d2"
}
