{
    "type": "Governance proposal",
    "description": "",
    "cborHex": "8400581de08f4a3466a404c11eb410313015b88e447d81b60089e25f611600e6058504f680a28200581cc0f2510d2353ee41a508b3c700c807e52697f2813fb014e3bc6982cd18ca8200581cf5ba9ae54a389cf97c54b981513d780877fc888579148044a8e7e7f218fcd81e8218331864826c687474703a2f2f64756d6d795820c9decb4498c4924d4f9804b6fa3425bab8f669f6452cb61f295114c906f3093e"
}
