Cannot read text envelope file: path/file.txt: TextEnvelope aeson decode error: cannot decode json