Cannot get stake credential: path/file.txt: Invalid key.