Cannot read delegation target: path/file.txt: Invalid key.