Cannot get stake credential: path/file.txt: Syntax error in script: json decode error