{
    "type": "Tx AlonzoEra",
    "description": "Ledger Cddl Format",
    "cborHex": "84a400818258202392d2b1200b5139fe555c81261697b29a8ccf561c5c783d46e78a479d977053000181825839016b837ca50316ee4e00033482ed128887d72c2bae5b0438d692dc1251b0c8b17595ebdb93c1f974be0a9b1ef26c474649d9c2ae766ed135cf1864020c048182018200581cd0efd9836e62225a47baf9bedfeaccbb86ba3f49d9edc4ac0aa26df5a0f5f6"
}
