{
    "type": "Tx AlonzoEra",
    "description": "Ledger Cddl Format",
    "cborHex": "84a400818258202392d2b1200b5139fe555c81261697b29a8ccf561c5c783d46e78a479d977053000181825839016b837ca50316ee4e00033482ed128887d72c2bae5b0438d692dc1251b0c8b17595ebdb93c1f974be0a9b1ef26c474649d9c2ae766ed135cf821864a1581c69596718df8203759c0f9e86f3f79d1dd45bc9d34109a4fccc824e02a148657468657265756d1832020c09a1581c69596718df8203759c0f9e86f3f79d1dd45bc9d34109a4fccc824e02a148657468657265756d1832a0f5f6"
}
