{
    "type": "CertificateConway",
    "description": "Stake Address Deregistration Certificate",
    "cborHex": "83088200581c81b4245f84593f63c0ff2296930254f77a0690fa9de5f969cac27cb01a001e8480"
}
