{
    "type": "Tx MaryEra",
    "description": "Ledger Cddl Format",
    "cborHex": "83a4008182582091999ea21177b33ebe6b8690724a0c026d410a11ad7521caa350abdafa5394c300018182581d615dbe1e2117641f8d618034b801a870ca731ce758c3bedd5c7e4429c11a05f5e100021a000f4240031a0007a120a100838258208dc60533b5dfa60a530955a696323a2ef4f14e8bc95a8f84cf6c441fea42342758409f69aa4bf41acf78deaffb002c4f36157f3bad7c434a19b1ffe7e7df5f98f629e58503a762e83c1f60e54c9eb7eef9885b16c2b42ce1336914f2df9aa63b1407825820bd07998bca8de945482d950a3051f0e4d18afedecbc08d4c99c23f1804f3c8e5584005aa65cbc59470743670086a4a769b6ec66db7f1e587b8be962660a32d94a9d25bb38732e3cea546c9b1bfb86bc2c30b9f0c6319a0a838d06e2597836aa215098258200ef55ad974b238209f51d0eed5ffbb00220a9811c0481eaf127ceb1c525f1eb658401712b3dda8b356303ec1689062c0c829ba3ae05c125f988fd87f4a23c0bc32f6ed7e18b5b4bb882e0fa952b8c982a606e3b611ca34cca938403c69165d78bb07f6"
}
