{"txhash":"345b88a38821ce10b1a19c41cbc9b48a55c26001cee4a7d2ad83fd9ddb157667"}
