{
    "type": "Tx MaryEra",
    "description": "Ledger Cddl Format",
    "cborHex": "83a4008182582091999ea21177b33ebe6b8690724a0c026d410a11ad7521caa350abdafa5394c300018182581d615dbe1e2117641f8d618034b801a870ca731ce758c3bedd5c7e4429c11a05f5e100021a000f4240031a0007a120a100818258208dc60533b5dfa60a530955a696323a2ef4f14e8bc95a8f84cf6c441fea42342758409f69aa4bf41acf78deaffb002c4f36157f3bad7c434a19b1ffe7e7df5f98f629e58503a762e83c1f60e54c9eb7eef9885b16c2b42ce1336914f2df9aa63b1407f6"
}
