{
    "type": "TxWitness ShelleyEra",
    "description": "Key Witness ShelleyEra",
    "cborHex": "82008258208dc60533b5dfa60a530955a696323a2ef4f14e8bc95a8f84cf6c441fea4234275840a20a2c8b1ffc2151eee3f659fc4076f9859d7d4d073933275470f270128736d231a2fb5e1bc2a6058ef2e58bc98266d192c55d6435ab591ce72cb165a7ec4e03"
}
