Cannot read vote file: path/file.txt: TextEnvelope aeson decode error: some error description