Cannot decode voting credential: An error occured while decoding <todecode>.
Error: <decodeeerror>