Cannot read verification key: path/file.txt: Invalid key.