Reading transaction CDDL file error: Failed to decode the ledger's CDDL serialisation format. TextEnvelope error: path/file.txt: TextEnvelope decode error: DecoderErrorCustom "todecode" "decodeerr"
TextEnvelopeCddl error: path/file.txt: Unknown key witness specified