Genesis delegation is not supported in Conway era onwards.