Error decoding cost model: jsonerr at: path/file.txt