The decoded cost model was empty at: path/file.txt