Unable to decode metadata: Found unexpected empty list while decoding empty