Constitution error ConstitutionNotUnicodeError Cannot decode input: seq