Stake credential error: path/file.txt: Invalid key.