Could not decode voting credential: Found unexpected empty list while decoding emptylist